[jdangerous.herokuapp.com/images/bg.jpg]
[jdangerous.herokuapp.com/images/hand.png]
[jdangerous.herokuapp.com/images/badge_iOS-8cb18475442b562156ebb84c3fe84d6d.png]
[jdangerous.herokuapp.com/images/badge_iOS_active-52a7d5f93bd8d8356fe6a3dad086852f@2x.png]
[jdangerous.herokuapp.com/images/badge_android-acf792577e6dbf39c49b66cd7c462ef6.png]
[jdangerous.herokuapp.com/images/badge_android_active-5a83d0db18aed591f5621dcc70ab1c49@2x.png]
[backblue.gif]
[fade.gif]
[index.html]
[jdangerous.herokuapp.com/images/dangerHair.png]
[jdangerous.herokuapp.com/images/JDMouth.png]
[jdangerous.herokuapp.com/sounds/DangerLaugh0.wav]
[jdangerous.herokuapp.com/sounds/DangerLaugh1.wav]
[jdangerous.herokuapp.com/sounds/DangerLaugh2.wav]
[jdangerous.herokuapp.com/sounds/DangerLaugh3.wav]
[jdangerous.herokuapp.com/sounds/DangerLaugh4.wav]
[jdangerous.herokuapp.com/sounds/DangerLaugh5.wav]
[jdangerous.herokuapp.com/sounds/DangerLaugh6.wav]
[jdangerous.herokuapp.com/sounds/DangerLaugh7.wav]
[jdangerous.herokuapp.com/sounds/DangerLaugh8.wav]
[jdangerous.herokuapp.com/index.html]
